// Jest Snapshot v1, https://goo.gl/fbAQLP

exports[`createPages with flexsearch engine creates index 1`] = `
[MockFunction] {
  "calls": Array [
    Array [
      Object {
        "engine": "flexsearch",
        "id": "createNodeId",
        "index": "[[{\\"i\\":[\\"id1\\",\\"id2\\"],\\"id\\":[\\"id1\\",\\"id2\\"]},{\\"id1\\":[\\"id1\\"],\\"f\\":[\\"id1\\",\\"id2\\"],\\"fo\\":[\\"id1\\",\\"id2\\"],\\"foo\\":[\\"id1\\",\\"id2\\"],\\"id2\\":[\\"id2\\"]},{\\"b\\":[\\"id1\\"],\\"ba\\":[\\"id1\\"],\\"bar\\":[\\"id1\\"],\\"n\\":[\\"id2\\"],\\"ne\\":[\\"id2\\"],\\"nee\\":[\\"id2\\"],\\"need\\":[\\"id2\\"],\\"needl\\":[\\"id2\\"],\\"needle\\":[\\"id2\\"]},{},{},{},{},{},{}],{},[\\"@id1\\",\\"@id2\\"]]",
        "internal": Object {
          "contentDigest": "createContentDigest",
          "type": "LocalSearchName",
        },
        "name": "name",
        "store": Object {
          "id1": Object {
            "foo": "bar",
            "id": "id1",
          },
          "id2": Object {
            "foo": "needle",
            "id": "id2",
          },
        },
      },
    ],
  ],
  "results": Array [
    Object {
      "type": "return",
      "value": undefined,
    },
  ],
}
`;

exports[`createPages with flexsearch engine creates index 2`] = `
Array [
  "id2",
]
`;

exports[`createPages with lunr engine creates index 1`] = `
[MockFunction] {
  "calls": Array [
    Array [
      Object {
        "engine": "lunr",
        "id": "createNodeId",
        "index": "{\\"version\\":\\"2.3.8\\",\\"fields\\":[\\"id\\",\\"foo\\"],\\"fieldVectors\\":[[\\"id/id1\\",[0,0.693]],[\\"foo/id1\\",[1,0.693]],[\\"id/id2\\",[2,0.693]],[\\"foo/id2\\",[3,0.693]]],\\"invertedIndex\\":[[\\"bar\\",{\\"_index\\":1,\\"id\\":{},\\"foo\\":{\\"id1\\":{}}}],[\\"id1\\",{\\"_index\\":0,\\"id\\":{\\"id1\\":{}},\\"foo\\":{}}],[\\"id2\\",{\\"_index\\":2,\\"id\\":{\\"id2\\":{}},\\"foo\\":{}}],[\\"needl\\",{\\"_index\\":3,\\"id\\":{},\\"foo\\":{\\"id2\\":{}}}]],\\"pipeline\\":[\\"stemmer\\"]}",
        "internal": Object {
          "contentDigest": "createContentDigest",
          "type": "LocalSearchName",
        },
        "name": "name",
        "store": Object {
          "id1": Object {
            "foo": "bar",
            "id": "id1",
          },
          "id2": Object {
            "foo": "needle",
            "id": "id2",
          },
        },
      },
    ],
  ],
  "results": Array [
    Object {
      "type": "return",
      "value": undefined,
    },
  ],
}
`;

exports[`createPages with lunr engine creates index 2`] = `
Array [
  Object {
    "matchData": Object {
      "metadata": Object {
        "needl": Object {
          "foo": Object {},
        },
      },
    },
    "ref": "id2",
    "score": 0.693,
  },
]
`;

exports[`createSchemaCustomization creates types 1`] = `
[MockFunction] {
  "calls": Array [
    Array [
      Array [
        Object {
          "config": Object {
            "fields": Object {
              "engine": Object {
                "description": "The search engine used to create the index.",
                "type": "String!",
              },
              "index": Object {
                "description": "The search index created using the selected engine.",
                "type": "String!",
              },
              "name": Object {
                "description": "The name of the index.",
                "type": "String!",
              },
              "publicIndexURL": Object {
                "description": "Save the index to the site's static directory and return a public URL to it.",
                "resolve": [Function],
                "type": "String!",
              },
              "publicStoreURL": Object {
                "description": "Save the store to the site's static directory and return a public URL to it.",
                "resolve": [Function],
                "type": "String!",
              },
              "store": Object {
                "description": "A JSON object used to map search results to their data.",
                "type": "JSON!",
              },
            },
            "interfaces": Array [
              "Node",
            ],
            "name": "LocalSearchName",
          },
          "kind": "OBJECT",
        },
      ],
    ],
  ],
  "results": Array [
    Object {
      "type": "return",
      "value": undefined,
    },
  ],
}
`;
